DEBUG:root:Debug
INFO:root:Info
WARNING:root:Warning message
ERROR:root:Error
CRITICAL:root:Critical
